connected
	orientation=2 delete count=0
	orientation=4 delete count=30
	orientation=1 delete count=53
	orientation=4 delete count=70
	orientation=1 delete count=83
	orientation=4 delete count=93
	orientation=1 delete count=100
	orientation=4 delete count=105
	orientation=1 delete count=109
	orientation=4 delete count=112
	orientation=1 delete count=114
	orientation=4 delete count=116
	orientation=1 delete count=117
	orientation=4 delete count=118
	orientation=1 delete count=119
	orientation=4 delete count=120
delete all count 120
	orientation=2 delete count=0
	orientation=4 delete count=32
	orientation=1 delete count=56
	orientation=4 delete count=74
	orientation=1 delete count=88
	orientation=4 delete count=98
	orientation=1 delete count=106
	orientation=4 delete count=112
	orientation=1 delete count=116
	orientation=4 delete count=119
	orientation=1 delete count=122
	orientation=4 delete count=124
	orientation=1 delete count=125
	orientation=4 delete count=126
	orientation=1 delete count=127
	orientation=4 delete count=128
delete all count 128
	orientation=2 delete count=0
	orientation=4 delete count=31
	orientation=1 delete count=55
	orientation=4 delete count=73
	orientation=1 delete count=86
	orientation=4 delete count=96
	orientation=1 delete count=103
	orientation=4 delete count=109
	orientation=1 delete count=113
	orientation=4 delete count=116
	orientation=1 delete count=118
	orientation=4 delete count=120
	orientation=1 delete count=121
	orientation=4 delete count=122
	orientation=1 delete count=123
	orientation=4 delete count=124
delete all count 124
disconnecting
