\! "./src/cvtnulldate-test"
connected
Result set:
1
Result set:

disconnecting
