\! ./src/params-test
connected
# of result cols: 2
Result set:
1	0102030405060708
disconnecting
